com\mytripmychoice\backend\security\SecurityConfig.class
com\mytripmychoice\backend\BackendApplication.class
com\mytripmychoice\backend\repository\PaymentRepository.class
com\mytripmychoice\backend\controller\TripController.class
com\mytripmychoice\backend\controller\PaymentController.class
com\mytripmychoice\backend\model\User.class
com\mytripmychoice\backend\repository\UserRepository.class
com\mytripmychoice\backend\dto\SignupRequest.class
com\mytripmychoice\backend\model\Trip.class
com\mytripmychoice\backend\security\JwtUtil.class
com\mytripmychoice\backend\dto\TripRequest$MemberDto.class
com\mytripmychoice\backend\repository\TripRepository.class
com\mytripmychoice\backend\service\AuthService.class
com\mytripmychoice\backend\service\PaymentService.class
com\mytripmychoice\backend\controller\AuthController.class
com\mytripmychoice\backend\service\AIService.class
com\mytripmychoice\backend\dto\TripRequest.class
com\mytripmychoice\backend\model\Payment.class
com\mytripmychoice\backend\model\TripMember.class
com\mytripmychoice\backend\dto\LoginRequest.class
com\mytripmychoice\backend\service\TripService.class
