C:\Users\suhas\Downloads\backend\backend\src\main\java\com\mytripmychoice\backend\controller\AuthController.java
C:\Users\suhas\Downloads\backend\backend\src\main\java\com\mytripmychoice\backend\repository\TripRepository.java
C:\Users\suhas\Downloads\backend\backend\src\main\java\com\mytripmychoice\backend\dto\SignupRequest.java
C:\Users\suhas\Downloads\backend\backend\src\main\java\com\mytripmychoice\backend\model\Payment.java
C:\Users\suhas\Downloads\backend\backend\src\main\java\com\mytripmychoice\backend\model\TripMember.java
C:\Users\suhas\Downloads\backend\backend\src\main\java\com\mytripmychoice\backend\repository\UserRepository.java
C:\Users\suhas\Downloads\backend\backend\src\main\java\com\mytripmychoice\backend\service\AIService.java
C:\Users\suhas\Downloads\backend\backend\src\main\java\com\mytripmychoice\backend\service\PaymentService.java
C:\Users\suhas\Downloads\backend\backend\src\main\java\com\mytripmychoice\backend\dto\TripRequest.java
C:\Users\suhas\Downloads\backend\backend\src\main\java\com\mytripmychoice\backend\service\TripService.java
C:\Users\suhas\Downloads\backend\backend\src\main\java\com\mytripmychoice\backend\security\JwtUtil.java
C:\Users\suhas\Downloads\backend\backend\src\main\java\com\mytripmychoice\backend\dto\LoginRequest.java
C:\Users\suhas\Downloads\backend\backend\src\main\java\com\mytripmychoice\backend\service\AuthService.java
C:\Users\suhas\Downloads\backend\backend\src\main\java\com\mytripmychoice\backend\model\Trip.java
C:\Users\suhas\Downloads\backend\backend\src\main\java\com\mytripmychoice\backend\controller\PaymentController.java
C:\Users\suhas\Downloads\backend\backend\src\main\java\com\mytripmychoice\backend\controller\TripController.java
C:\Users\suhas\Downloads\backend\backend\src\main\java\com\mytripmychoice\backend\model\User.java
C:\Users\suhas\Downloads\backend\backend\src\main\java\com\mytripmychoice\backend\BackendApplication.java
C:\Users\suhas\Downloads\backend\backend\src\main\java\com\mytripmychoice\backend\repository\PaymentRepository.java
C:\Users\suhas\Downloads\backend\backend\src\main\java\com\mytripmychoice\backend\security\SecurityConfig.java
